// Jest Snapshot v1, https://goo.gl/fbAQLP

exports[`Check if the component renders correctly 1`] = `
<div
  className="missions-container"
  data-testid="missions-container"
>
  <div
    className="table-responsive-xl"
  >
    <table
      className="table table-sm table-striped table-bordered table-hover"
    >
      <thead>
        <tr>
          <th
            className="p-2"
            scope="col"
          >
            <h4>
              Mission
            </h4>
          </th>
          <th
            className="p-2"
            scope="col"
          >
            <h4>
              Description
            </h4>
          </th>
          <th
            className="p-2"
            scope="col"
          >
            <h4>
              Status
            </h4>
          </th>
          <th
            className="p-2"
            scope="col"
          >
             
          </th>
        </tr>
      </thead>
      <tbody />
    </table>
  </div>
</div>
`;
